import 'package:dbus/dbus.dart';

class ComExampleTest extends DBusRemoteObject {
  ComExampleTest(DBusClient client, String destination, DBusObjectPath path) : super(client, destination, path);

  /// Invokes com.example.Test.Hello()
  Future<void> callHello(String value) async {
    await callMethod('com.example.Test', 'Hello', [DBusString(value)], replySignature: DBusSignature(''), noReplyExpected: true);
  }
}
